[sudo] password for easykai: Jul 06 12:32:20 iZuf6el8rcyzeh0k4jyxihZ systemd[1]: Started health-guardian.service - Health Guardian — 独立看门狗 / 自动回滚.
Jul 06 12:32:26 iZuf6el8rcyzeh0k4jyxihZ systemd[1]: Stopping health-guardian.service - Health Guardian — 独立看门狗 / 自动回滚...
Jul 06 12:32:26 iZuf6el8rcyzeh0k4jyxihZ systemd[1]: health-guardian.service: Deactivated successfully.
Jul 06 12:32:26 iZuf6el8rcyzeh0k4jyxihZ systemd[1]: Stopped health-guardian.service - Health Guardian — 独立看门狗 / 自动回滚.
Jul 06 12:32:26 iZuf6el8rcyzeh0k4jyxihZ systemd[1]: Started health-guardian.service - Health Guardian — 独立看门狗 / 自动回滚.
Jul 06 12:32:31 iZuf6el8rcyzeh0k4jyxihZ systemd[1]: Stopping health-guardian.service - Health Guardian — 独立看门狗 / 自动回滚...
Jul 06 12:32:31 iZuf6el8rcyzeh0k4jyxihZ systemd[1]: health-guardian.service: Deactivated successfully.
Jul 06 12:32:31 iZuf6el8rcyzeh0k4jyxihZ systemd[1]: Stopped health-guardian.service - Health Guardian — 独立看门狗 / 自动回滚.
Jul 06 12:32:31 iZuf6el8rcyzeh0k4jyxihZ systemd[1]: Started health-guardian.service - Health Guardian — 独立看门狗 / 自动回滚.
Jul 06 12:32:37 iZuf6el8rcyzeh0k4jyxihZ systemd[1]: Stopping health-guardian.service - Health Guardian — 独立看门狗 / 自动回滚...
Jul 06 12:32:37 iZuf6el8rcyzeh0k4jyxihZ systemd[1]: health-guardian.service: Deactivated successfully.
Jul 06 12:32:37 iZuf6el8rcyzeh0k4jyxihZ systemd[1]: Stopped health-guardian.service - Health Guardian — 独立看门狗 / 自动回滚.
Jul 06 12:32:37 iZuf6el8rcyzeh0k4jyxihZ systemd[1]: Started health-guardian.service - Health Guardian — 独立看门狗 / 自动回滚.
Jul 06 12:32:43 iZuf6el8rcyzeh0k4jyxihZ systemd[1]: Stopping health-guardian.service - Health Guardian — 独立看门狗 / 自动回滚...
Jul 06 12:32:43 iZuf6el8rcyzeh0k4jyxihZ systemd[1]: health-guardian.service: Deactivated successfully.
Jul 06 12:32:43 iZuf6el8rcyzeh0k4jyxihZ systemd[1]: Stopped health-guardian.service - Health Guardian — 独立看门狗 / 自动回滚.
Jul 06 12:32:43 iZuf6el8rcyzeh0k4jyxihZ systemd[1]: Started health-guardian.service - Health Guardian — 独立看门狗 / 自动回滚.
Jul 06 12:32:49 iZuf6el8rcyzeh0k4jyxihZ systemd[1]: Stopping health-guardian.service - Health Guardian — 独立看门狗 / 自动回滚...
Jul 06 12:32:49 iZuf6el8rcyzeh0k4jyxihZ systemd[1]: health-guardian.service: Deactivated successfully.
Jul 06 12:32:49 iZuf6el8rcyzeh0k4jyxihZ systemd[1]: Stopped health-guardian.service - Health Guardian — 独立看门狗 / 自动回滚.
Jul 06 12:32:49 iZuf6el8rcyzeh0k4jyxihZ systemd[1]: Started health-guardian.service - Health Guardian — 独立看门狗 / 自动回滚.
Jul 06 12:32:54 iZuf6el8rcyzeh0k4jyxihZ systemd[1]: Stopping health-guardian.service - Health Guardian — 独立看门狗 / 自动回滚...
Jul 06 12:32:55 iZuf6el8rcyzeh0k4jyxihZ systemd[1]: health-guardian.service: Deactivated successfully.
Jul 06 12:32:55 iZuf6el8rcyzeh0k4jyxihZ systemd[1]: Stopped health-guardian.service - Health Guardian — 独立看门狗 / 自动回滚.
Jul 06 12:32:55 iZuf6el8rcyzeh0k4jyxihZ systemd[1]: Started health-guardian.service - Health Guardian — 独立看门狗 / 自动回滚.
Jul 06 12:33:00 iZuf6el8rcyzeh0k4jyxihZ systemd[1]: Stopping health-guardian.service - Health Guardian — 独立看门狗 / 自动回滚...
Jul 06 12:33:00 iZuf6el8rcyzeh0k4jyxihZ systemd[1]: health-guardian.service: Deactivated successfully.
Jul 06 12:33:00 iZuf6el8rcyzeh0k4jyxihZ systemd[1]: Stopped health-guardian.service - Health Guardian — 独立看门狗 / 自动回滚.
Jul 06 12:33:00 iZuf6el8rcyzeh0k4jyxihZ systemd[1]: Started health-guardian.service - Health Guardian — 独立看门狗 / 自动回滚.
Jul 06 12:33:06 iZuf6el8rcyzeh0k4jyxihZ systemd[1]: Stopping health-guardian.service - Health Guardian — 独立看门狗 / 自动回滚...
Jul 06 12:33:06 iZuf6el8rcyzeh0k4jyxihZ systemd[1]: health-guardian.service: Deactivated successfully.
Jul 06 12:33:06 iZuf6el8rcyzeh0k4jyxihZ systemd[1]: Stopped health-guardian.service - Health Guardian — 独立看门狗 / 自动回滚.
Jul 06 12:33:06 iZuf6el8rcyzeh0k4jyxihZ systemd[1]: Started health-guardian.service - Health Guardian — 独立看门狗 / 自动回滚.
Jul 06 12:33:12 iZuf6el8rcyzeh0k4jyxihZ systemd[1]: Stopping health-guardian.service - Health Guardian — 独立看门狗 / 自动回滚...
Jul 06 12:33:12 iZuf6el8rcyzeh0k4jyxihZ systemd[1]: health-guardian.service: Deactivated successfully.
Jul 06 12:33:12 iZuf6el8rcyzeh0k4jyxihZ systemd[1]: Stopped health-guardian.service - Health Guardian — 独立看门狗 / 自动回滚.
Jul 06 12:33:12 iZuf6el8rcyzeh0k4jyxihZ systemd[1]: Started health-guardian.service - Health Guardian — 独立看门狗 / 自动回滚.
Jul 06 12:33:18 iZuf6el8rcyzeh0k4jyxihZ systemd[1]: Stopping health-guardian.service - Health Guardian — 独立看门狗 / 自动回滚...
Jul 06 12:33:18 iZuf6el8rcyzeh0k4jyxihZ systemd[1]: health-guardian.service: Deactivated successfully.
Jul 06 12:33:18 iZuf6el8rcyzeh0k4jyxihZ systemd[1]: Stopped health-guardian.service - Health Guardian — 独立看门狗 / 自动回滚.
Jul 06 12:33:18 iZuf6el8rcyzeh0k4jyxihZ systemd[1]: Started health-guardian.service - Health Guardian — 独立看门狗 / 自动回滚.
Jul 06 12:33:23 iZuf6el8rcyzeh0k4jyxihZ systemd[1]: Stopping health-guardian.service - Health Guardian — 独立看门狗 / 自动回滚...
Jul 06 12:33:23 iZuf6el8rcyzeh0k4jyxihZ systemd[1]: health-guardian.service: Deactivated successfully.
Jul 06 12:33:23 iZuf6el8rcyzeh0k4jyxihZ systemd[1]: Stopped health-guardian.service - Health Guardian — 独立看门狗 / 自动回滚.
Jul 06 12:33:23 iZuf6el8rcyzeh0k4jyxihZ systemd[1]: Started health-guardian.service - Health Guardian — 独立看门狗 / 自动回滚.
Jul 06 12:33:29 iZuf6el8rcyzeh0k4jyxihZ systemd[1]: Stopping health-guardian.service - Health Guardian — 独立看门狗 / 自动回滚...
Jul 06 12:33:29 iZuf6el8rcyzeh0k4jyxihZ systemd[1]: health-guardian.service: Deactivated successfully.
Jul 06 12:33:29 iZuf6el8rcyzeh0k4jyxihZ systemd[1]: Stopped health-guardian.service - Health Guardian — 独立看门狗 / 自动回滚.
Jul 06 12:33:29 iZuf6el8rcyzeh0k4jyxihZ systemd[1]: Started health-guardian.service - Health Guardian — 独立看门狗 / 自动回滚.
Jul 06 12:33:34 iZuf6el8rcyzeh0k4jyxihZ systemd[1]: Stopping health-guardian.service - Health Guardian — 独立看门狗 / 自动回滚...
Jul 06 12:33:34 iZuf6el8rcyzeh0k4jyxihZ systemd[1]: health-guardian.service: Deactivated successfully.
Jul 06 12:33:34 iZuf6el8rcyzeh0k4jyxihZ systemd[1]: Stopped health-guardian.service - Health Guardian — 独立看门狗 / 自动回滚.
Jul 06 12:33:34 iZuf6el8rcyzeh0k4jyxihZ systemd[1]: Started health-guardian.service - Health Guardian — 独立看门狗 / 自动回滚.
Jul 06 12:33:40 iZuf6el8rcyzeh0k4jyxihZ systemd[1]: Stopping health-guardian.service - Health Guardian — 独立看门狗 / 自动回滚...
Jul 06 12:33:40 iZuf6el8rcyzeh0k4jyxihZ systemd[1]: health-guardian.service: Deactivated successfully.
Jul 06 12:33:40 iZuf6el8rcyzeh0k4jyxihZ systemd[1]: Stopped health-guardian.service - Health Guardian — 独立看门狗 / 自动回滚.
Jul 06 12:33:40 iZuf6el8rcyzeh0k4jyxihZ systemd[1]: Started health-guardian.service - Health Guardian — 独立看门狗 / 自动回滚.
Jul 06 12:33:46 iZuf6el8rcyzeh0k4jyxihZ systemd[1]: Stopping health-guardian.service - Health Guardian — 独立看门狗 / 自动回滚...
Jul 06 12:33:46 iZuf6el8rcyzeh0k4jyxihZ systemd[1]: health-guardian.service: Deactivated successfully.
Jul 06 12:33:46 iZuf6el8rcyzeh0k4jyxihZ systemd[1]: Stopped health-guardian.service - Health Guardian — 独立看门狗 / 自动回滚.
Jul 06 12:33:46 iZuf6el8rcyzeh0k4jyxihZ systemd[1]: Started health-guardian.service - Health Guardian — 独立看门狗 / 自动回滚.
Jul 06 12:33:51 iZuf6el8rcyzeh0k4jyxihZ systemd[1]: Stopping health-guardian.service - Health Guardian — 独立看门狗 / 自动回滚...
Jul 06 12:33:51 iZuf6el8rcyzeh0k4jyxihZ systemd[1]: health-guardian.service: Deactivated successfully.
Jul 06 12:33:51 iZuf6el8rcyzeh0k4jyxihZ systemd[1]: Stopped health-guardian.service - Health Guardian — 独立看门狗 / 自动回滚.
Jul 06 12:33:51 iZuf6el8rcyzeh0k4jyxihZ systemd[1]: Started health-guardian.service - Health Guardian — 独立看门狗 / 自动回滚.
Jul 06 12:33:57 iZuf6el8rcyzeh0k4jyxihZ systemd[1]: Stopping health-guardian.service - Health Guardian — 独立看门狗 / 自动回滚...
Jul 06 12:33:57 iZuf6el8rcyzeh0k4jyxihZ systemd[1]: health-guardian.service: Deactivated successfully.
Jul 06 12:33:57 iZuf6el8rcyzeh0k4jyxihZ systemd[1]: Stopped health-guardian.service - Health Guardian — 独立看门狗 / 自动回滚.
Jul 06 12:33:57 iZuf6el8rcyzeh0k4jyxihZ systemd[1]: Started health-guardian.service - Health Guardian — 独立看门狗 / 自动回滚.
Jul 06 12:33:57 iZuf6el8rcyzeh0k4jyxihZ systemd[1]: Stopping health-guardian.service - Health Guardian — 独立看门狗 / 自动回滚...
Jul 06 12:33:57 iZuf6el8rcyzeh0k4jyxihZ systemd[1]: health-guardian.service: Deactivated successfully.
Jul 06 12:33:57 iZuf6el8rcyzeh0k4jyxihZ systemd[1]: Stopped health-guardian.service - Health Guardian — 独立看门狗 / 自动回滚.
Jul 06 12:33:57 iZuf6el8rcyzeh0k4jyxihZ systemd[1]: Started health-guardian.service - Health Guardian — 独立看门狗 / 自动回滚.
Jul 06 12:34:03 iZuf6el8rcyzeh0k4jyxihZ systemd[1]: Stopping health-guardian.service - Health Guardian — 独立看门狗 / 自动回滚...
Jul 06 12:34:03 iZuf6el8rcyzeh0k4jyxihZ systemd[1]: health-guardian.service: Deactivated successfully.
Jul 06 12:34:03 iZuf6el8rcyzeh0k4jyxihZ systemd[1]: Stopped health-guardian.service - Health Guardian — 独立看门狗 / 自动回滚.
Jul 06 12:34:03 iZuf6el8rcyzeh0k4jyxihZ systemd[1]: Started health-guardian.service - Health Guardian — 独立看门狗 / 自动回滚.
Jul 06 12:34:08 iZuf6el8rcyzeh0k4jyxihZ systemd[1]: Stopping health-guardian.service - Health Guardian — 独立看门狗 / 自动回滚...
Jul 06 12:34:08 iZuf6el8rcyzeh0k4jyxihZ systemd[1]: health-guardian.service: Deactivated successfully.
Jul 06 12:34:08 iZuf6el8rcyzeh0k4jyxihZ systemd[1]: Stopped health-guardian.service - Health Guardian — 独立看门狗 / 自动回滚.
Jul 06 12:34:08 iZuf6el8rcyzeh0k4jyxihZ systemd[1]: Started health-guardian.service - Health Guardian — 独立看门狗 / 自动回滚.
Jul 06 12:34:14 iZuf6el8rcyzeh0k4jyxihZ systemd[1]: Stopping health-guardian.service - Health Guardian — 独立看门狗 / 自动回滚...
Jul 06 12:34:14 iZuf6el8rcyzeh0k4jyxihZ systemd[1]: health-guardian.service: Deactivated successfully.
Jul 06 12:34:14 iZuf6el8rcyzeh0k4jyxihZ systemd[1]: Stopped health-guardian.service - Health Guardian — 独立看门狗 / 自动回滚.
Jul 06 12:34:14 iZuf6el8rcyzeh0k4jyxihZ systemd[1]: Started health-guardian.service - Health Guardian — 独立看门狗 / 自动回滚.
Jul 06 12:34:20 iZuf6el8rcyzeh0k4jyxihZ systemd[1]: Stopping health-guardian.service - Health Guardian — 独立看门狗 / 自动回滚...
Jul 06 12:34:20 iZuf6el8rcyzeh0k4jyxihZ systemd[1]: health-guardian.service: Deactivated successfully.
Jul 06 12:34:20 iZuf6el8rcyzeh0k4jyxihZ systemd[1]: Stopped health-guardian.service - Health Guardian — 独立看门狗 / 自动回滚.
Jul 06 12:34:20 iZuf6el8rcyzeh0k4jyxihZ systemd[1]: Started health-guardian.service - Health Guardian — 独立看门狗 / 自动回滚.
Jul 06 12:34:25 iZuf6el8rcyzeh0k4jyxihZ systemd[1]: Stopping health-guardian.service - Health Guardian — 独立看门狗 / 自动回滚...
Jul 06 12:34:25 iZuf6el8rcyzeh0k4jyxihZ systemd[1]: health-guardian.service: Deactivated successfully.
Jul 06 12:34:25 iZuf6el8rcyzeh0k4jyxihZ systemd[1]: Stopped health-guardian.service - Health Guardian — 独立看门狗 / 自动回滚.
Jul 06 12:34:25 iZuf6el8rcyzeh0k4jyxihZ systemd[1]: Started health-guardian.service - Health Guardian — 独立看门狗 / 自动回滚.
Jul 06 12:34:31 iZuf6el8rcyzeh0k4jyxihZ systemd[1]: Stopping health-guardian.service - Health Guardian — 独立看门狗 / 自动回滚...
Jul 06 12:34:31 iZuf6el8rcyzeh0k4jyxihZ systemd[1]: health-guardian.service: Deactivated successfully.
Jul 06 12:34:31 iZuf6el8rcyzeh0k4jyxihZ systemd[1]: Stopped health-guardian.service - Health Guardian — 独立看门狗 / 自动回滚.
Jul 06 12:34:31 iZuf6el8rcyzeh0k4jyxihZ systemd[1]: Started health-guardian.service - Health Guardian — 独立看门狗 / 自动回滚.
Jul 06 12:34:36 iZuf6el8rcyzeh0k4jyxihZ systemd[1]: Stopping health-guardian.service - Health Guardian — 独立看门狗 / 自动回滚...
Jul 06 12:34:36 iZuf6el8rcyzeh0k4jyxihZ systemd[1]: health-guardian.service: Deactivated successfully.
Jul 06 12:34:36 iZuf6el8rcyzeh0k4jyxihZ systemd[1]: Stopped health-guardian.service - Health Guardian — 独立看门狗 / 自动回滚.
Jul 06 12:34:37 iZuf6el8rcyzeh0k4jyxihZ systemd[1]: Started health-guardian.service - Health Guardian — 独立看门狗 / 自动回滚.
Jul 06 12:34:42 iZuf6el8rcyzeh0k4jyxihZ systemd[1]: Stopping health-guardian.service - Health Guardian — 独立看门狗 / 自动回滚...
Jul 06 12:34:42 iZuf6el8rcyzeh0k4jyxihZ systemd[1]: health-guardian.service: Deactivated successfully.
Jul 06 12:34:42 iZuf6el8rcyzeh0k4jyxihZ systemd[1]: Stopped health-guardian.service - Health Guardian — 独立看门狗 / 自动回滚.
Jul 06 12:34:42 iZuf6el8rcyzeh0k4jyxihZ systemd[1]: Started health-guardian.service - Health Guardian — 独立看门狗 / 自动回滚.
Jul 06 12:34:48 iZuf6el8rcyzeh0k4jyxihZ systemd[1]: Stopping health-guardian.service - Health Guardian — 独立看门狗 / 自动回滚...
Jul 06 12:34:48 iZuf6el8rcyzeh0k4jyxihZ systemd[1]: health-guardian.service: Deactivated successfully.
Jul 06 12:34:48 iZuf6el8rcyzeh0k4jyxihZ systemd[1]: Stopped health-guardian.service - Health Guardian — 独立看门狗 / 自动回滚.
Jul 06 12:34:48 iZuf6el8rcyzeh0k4jyxihZ systemd[1]: Started health-guardian.service - Health Guardian — 独立看门狗 / 自动回滚.
Jul 06 12:34:53 iZuf6el8rcyzeh0k4jyxihZ systemd[1]: Stopping health-guardian.service - Health Guardian — 独立看门狗 / 自动回滚...
Jul 06 12:34:53 iZuf6el8rcyzeh0k4jyxihZ systemd[1]: health-guardian.service: Deactivated successfully.
Jul 06 12:34:53 iZuf6el8rcyzeh0k4jyxihZ systemd[1]: Stopped health-guardian.service - Health Guardian — 独立看门狗 / 自动回滚.
Jul 06 12:34:53 iZuf6el8rcyzeh0k4jyxihZ systemd[1]: Started health-guardian.service - Health Guardian — 独立看门狗 / 自动回滚.
Jul 06 12:34:59 iZuf6el8rcyzeh0k4jyxihZ systemd[1]: Stopping health-guardian.service - Health Guardian — 独立看门狗 / 自动回滚...
Jul 06 12:34:59 iZuf6el8rcyzeh0k4jyxihZ systemd[1]: health-guardian.service: Deactivated successfully.
Jul 06 12:34:59 iZuf6el8rcyzeh0k4jyxihZ systemd[1]: Stopped health-guardian.service - Health Guardian — 独立看门狗 / 自动回滚.
Jul 06 12:34:59 iZuf6el8rcyzeh0k4jyxihZ systemd[1]: Started health-guardian.service - Health Guardian — 独立看门狗 / 自动回滚.
Jul 06 12:35:03 iZuf6el8rcyzeh0k4jyxihZ systemd[1]: Stopping health-guardian.service - Health Guardian — 独立看门狗 / 自动回滚...
Jul 06 12:35:03 iZuf6el8rcyzeh0k4jyxihZ systemd[1]: health-guardian.service: Deactivated successfully.
Jul 06 12:35:03 iZuf6el8rcyzeh0k4jyxihZ systemd[1]: Stopped health-guardian.service - Health Guardian — 独立看门狗 / 自动回滚.
Jul 06 12:35:03 iZuf6el8rcyzeh0k4jyxihZ systemd[1]: Started health-guardian.service - Health Guardian — 独立看门狗 / 自动回滚.
Jul 06 12:35:09 iZuf6el8rcyzeh0k4jyxihZ systemd[1]: Stopping health-guardian.service - Health Guardian — 独立看门狗 / 自动回滚...
Jul 06 12:35:09 iZuf6el8rcyzeh0k4jyxihZ systemd[1]: health-guardian.service: Deactivated successfully.
Jul 06 12:35:09 iZuf6el8rcyzeh0k4jyxihZ systemd[1]: Stopped health-guardian.service - Health Guardian — 独立看门狗 / 自动回滚.
Jul 06 12:35:09 iZuf6el8rcyzeh0k4jyxihZ systemd[1]: Started health-guardian.service - Health Guardian — 独立看门狗 / 自动回滚.
Jul 06 12:35:15 iZuf6el8rcyzeh0k4jyxihZ systemd[1]: Stopping health-guardian.service - Health Guardian — 独立看门狗 / 自动回滚...
Jul 06 12:35:15 iZuf6el8rcyzeh0k4jyxihZ systemd[1]: health-guardian.service: Deactivated successfully.
Jul 06 12:35:15 iZuf6el8rcyzeh0k4jyxihZ systemd[1]: Stopped health-guardian.service - Health Guardian — 独立看门狗 / 自动回滚.
Jul 06 12:35:15 iZuf6el8rcyzeh0k4jyxihZ systemd[1]: Started health-guardian.service - Health Guardian — 独立看门狗 / 自动回滚.
Jul 06 12:35:21 iZuf6el8rcyzeh0k4jyxihZ systemd[1]: Stopping health-guardian.service - Health Guardian — 独立看门狗 / 自动回滚...
Jul 06 12:35:21 iZuf6el8rcyzeh0k4jyxihZ systemd[1]: health-guardian.service: Deactivated successfully.
Jul 06 12:35:21 iZuf6el8rcyzeh0k4jyxihZ systemd[1]: Stopped health-guardian.service - Health Guardian — 独立看门狗 / 自动回滚.
Jul 06 12:35:21 iZuf6el8rcyzeh0k4jyxihZ systemd[1]: Started health-guardian.service - Health Guardian — 独立看门狗 / 自动回滚.
Jul 06 12:35:26 iZuf6el8rcyzeh0k4jyxihZ systemd[1]: Stopping health-guardian.service - Health Guardian — 独立看门狗 / 自动回滚...
Jul 06 12:35:26 iZuf6el8rcyzeh0k4jyxihZ systemd[1]: health-guardian.service: Deactivated successfully.
Jul 06 12:35:26 iZuf6el8rcyzeh0k4jyxihZ systemd[1]: Stopped health-guardian.service - Health Guardian — 独立看门狗 / 自动回滚.
Jul 06 12:35:26 iZuf6el8rcyzeh0k4jyxihZ systemd[1]: Started health-guardian.service - Health Guardian — 独立看门狗 / 自动回滚.
Jul 06 12:35:32 iZuf6el8rcyzeh0k4jyxihZ systemd[1]: Stopping health-guardian.service - Health Guardian — 独立看门狗 / 自动回滚...
Jul 06 12:35:32 iZuf6el8rcyzeh0k4jyxihZ systemd[1]: health-guardian.service: Deactivated successfully.
Jul 06 12:35:32 iZuf6el8rcyzeh0k4jyxihZ systemd[1]: Stopped health-guardian.service - Health Guardian — 独立看门狗 / 自动回滚.
Jul 06 12:35:32 iZuf6el8rcyzeh0k4jyxihZ systemd[1]: Started health-guardian.service - Health Guardian — 独立看门狗 / 自动回滚.
Jul 06 12:35:38 iZuf6el8rcyzeh0k4jyxihZ systemd[1]: Stopping health-guardian.service - Health Guardian — 独立看门狗 / 自动回滚...
Jul 06 12:35:38 iZuf6el8rcyzeh0k4jyxihZ systemd[1]: health-guardian.service: Deactivated successfully.
Jul 06 12:35:38 iZuf6el8rcyzeh0k4jyxihZ systemd[1]: Stopped health-guardian.service - Health Guardian — 独立看门狗 / 自动回滚.
Jul 06 12:35:38 iZuf6el8rcyzeh0k4jyxihZ systemd[1]: Started health-guardian.service - Health Guardian — 独立看门狗 / 自动回滚.
Jul 06 12:35:44 iZuf6el8rcyzeh0k4jyxihZ systemd[1]: Stopping health-guardian.service - Health Guardian — 独立看门狗 / 自动回滚...
Jul 06 12:35:44 iZuf6el8rcyzeh0k4jyxihZ systemd[1]: health-guardian.service: Deactivated successfully.
Jul 06 12:35:44 iZuf6el8rcyzeh0k4jyxihZ systemd[1]: Stopped health-guardian.service - Health Guardian — 独立看门狗 / 自动回滚.
Jul 06 12:35:44 iZuf6el8rcyzeh0k4jyxihZ systemd[1]: Started health-guardian.service - Health Guardian — 独立看门狗 / 自动回滚.
Jul 06 12:35:49 iZuf6el8rcyzeh0k4jyxihZ systemd[1]: Stopping health-guardian.service - Health Guardian — 独立看门狗 / 自动回滚...
Jul 06 12:35:49 iZuf6el8rcyzeh0k4jyxihZ systemd[1]: health-guardian.service: Deactivated successfully.
Jul 06 12:35:49 iZuf6el8rcyzeh0k4jyxihZ systemd[1]: Stopped health-guardian.service - Health Guardian — 独立看门狗 / 自动回滚.
Jul 06 12:35:49 iZuf6el8rcyzeh0k4jyxihZ systemd[1]: Started health-guardian.service - Health Guardian — 独立看门狗 / 自动回滚.
Jul 06 12:35:55 iZuf6el8rcyzeh0k4jyxihZ systemd[1]: Stopping health-guardian.service - Health Guardian — 独立看门狗 / 自动回滚...
Jul 06 12:35:55 iZuf6el8rcyzeh0k4jyxihZ systemd[1]: health-guardian.service: Deactivated successfully.
Jul 06 12:35:55 iZuf6el8rcyzeh0k4jyxihZ systemd[1]: Stopped health-guardian.service - Health Guardian — 独立看门狗 / 自动回滚.
Jul 06 12:35:55 iZuf6el8rcyzeh0k4jyxihZ systemd[1]: Started health-guardian.service - Health Guardian — 独立看门狗 / 自动回滚.
Jul 06 12:36:01 iZuf6el8rcyzeh0k4jyxihZ systemd[1]: Stopping health-guardian.service - Health Guardian — 独立看门狗 / 自动回滚...
Jul 06 12:36:01 iZuf6el8rcyzeh0k4jyxihZ systemd[1]: health-guardian.service: Deactivated successfully.
Jul 06 12:36:01 iZuf6el8rcyzeh0k4jyxihZ systemd[1]: Stopped health-guardian.service - Health Guardian — 独立看门狗 / 自动回滚.
Jul 06 12:36:01 iZuf6el8rcyzeh0k4jyxihZ systemd[1]: Started health-guardian.service - Health Guardian — 独立看门狗 / 自动回滚.
Jul 06 12:36:07 iZuf6el8rcyzeh0k4jyxihZ systemd[1]: Stopping health-guardian.service - Health Guardian — 独立看门狗 / 自动回滚...
Jul 06 12:36:07 iZuf6el8rcyzeh0k4jyxihZ systemd[1]: health-guardian.service: Deactivated successfully.
Jul 06 12:36:07 iZuf6el8rcyzeh0k4jyxihZ systemd[1]: Stopped health-guardian.service - Health Guardian — 独立看门狗 / 自动回滚.
Jul 06 12:36:07 iZuf6el8rcyzeh0k4jyxihZ systemd[1]: Started health-guardian.service - Health Guardian — 独立看门狗 / 自动回滚.
Jul 06 12:36:12 iZuf6el8rcyzeh0k4jyxihZ systemd[1]: Stopping health-guardian.service - Health Guardian — 独立看门狗 / 自动回滚...
Jul 06 12:36:12 iZuf6el8rcyzeh0k4jyxihZ systemd[1]: health-guardian.service: Deactivated successfully.
Jul 06 12:36:12 iZuf6el8rcyzeh0k4jyxihZ systemd[1]: Stopped health-guardian.service - Health Guardian — 独立看门狗 / 自动回滚.
Jul 06 12:36:13 iZuf6el8rcyzeh0k4jyxihZ systemd[1]: Started health-guardian.service - Health Guardian — 独立看门狗 / 自动回滚.
Jul 06 12:36:18 iZuf6el8rcyzeh0k4jyxihZ systemd[1]: Stopping health-guardian.service - Health Guardian — 独立看门狗 / 自动回滚...
Jul 06 12:36:18 iZuf6el8rcyzeh0k4jyxihZ systemd[1]: health-guardian.service: Deactivated successfully.
Jul 06 12:36:18 iZuf6el8rcyzeh0k4jyxihZ systemd[1]: Stopped health-guardian.service - Health Guardian — 独立看门狗 / 自动回滚.
Jul 06 12:36:18 iZuf6el8rcyzeh0k4jyxihZ systemd[1]: Started health-guardian.service - Health Guardian — 独立看门狗 / 自动回滚.
Jul 06 12:36:24 iZuf6el8rcyzeh0k4jyxihZ systemd[1]: Stopping health-guardian.service - Health Guardian — 独立看门狗 / 自动回滚...
Jul 06 12:36:24 iZuf6el8rcyzeh0k4jyxihZ systemd[1]: health-guardian.service: Deactivated successfully.
Jul 06 12:36:24 iZuf6el8rcyzeh0k4jyxihZ systemd[1]: Stopped health-guardian.service - Health Guardian — 独立看门狗 / 自动回滚.
Jul 06 12:36:24 iZuf6el8rcyzeh0k4jyxihZ systemd[1]: Started health-guardian.service - Health Guardian — 独立看门狗 / 自动回滚.
Jul 06 12:36:30 iZuf6el8rcyzeh0k4jyxihZ systemd[1]: Stopping health-guardian.service - Health Guardian — 独立看门狗 / 自动回滚...
Jul 06 12:36:30 iZuf6el8rcyzeh0k4jyxihZ systemd[1]: health-guardian.service: Deactivated successfully.
Jul 06 12:36:30 iZuf6el8rcyzeh0k4jyxihZ systemd[1]: Stopped health-guardian.service - Health Guardian — 独立看门狗 / 自动回滚.
Jul 06 12:36:30 iZuf6el8rcyzeh0k4jyxihZ systemd[1]: Started health-guardian.service - Health Guardian — 独立看门狗 / 自动回滚.
Jul 06 12:36:36 iZuf6el8rcyzeh0k4jyxihZ systemd[1]: Stopping health-guardian.service - Health Guardian — 独立看门狗 / 自动回滚...
Jul 06 12:36:36 iZuf6el8rcyzeh0k4jyxihZ systemd[1]: health-guardian.service: Deactivated successfully.
Jul 06 12:36:36 iZuf6el8rcyzeh0k4jyxihZ systemd[1]: Stopped health-guardian.service - Health Guardian — 独立看门狗 / 自动回滚.
Jul 06 12:36:36 iZuf6el8rcyzeh0k4jyxihZ systemd[1]: Started health-guardian.service - Health Guardian — 独立看门狗 / 自动回滚.
Jul 06 12:36:37 iZuf6el8rcyzeh0k4jyxihZ systemd[1]: Stopping health-guardian.service - Health Guardian — 独立看门狗 / 自动回滚...
Jul 06 12:36:37 iZuf6el8rcyzeh0k4jyxihZ systemd[1]: health-guardian.service: Deactivated successfully.
Jul 06 12:36:37 iZuf6el8rcyzeh0k4jyxihZ systemd[1]: Stopped health-guardian.service - Health Guardian — 独立看门狗 / 自动回滚.
Jul 06 12:36:37 iZuf6el8rcyzeh0k4jyxihZ systemd[1]: Started health-guardian.service - Health Guardian — 独立看门狗 / 自动回滚.
Jul 06 12:38:18 iZuf6el8rcyzeh0k4jyxihZ systemd[1]: Stopping health-guardian.service - Health Guardian — 独立看门狗 / 自动回滚...
Jul 06 12:38:18 iZuf6el8rcyzeh0k4jyxihZ systemd[1]: health-guardian.service: Deactivated successfully.
Jul 06 12:38:18 iZuf6el8rcyzeh0k4jyxihZ systemd[1]: Stopped health-guardian.service - Health Guardian — 独立看门狗 / 自动回滚.
Jul 06 12:38:19 iZuf6el8rcyzeh0k4jyxihZ systemd[1]: Started health-guardian.service - Health Guardian — 独立看门狗 / 自动回滚.
